2026-03-15 20:20:02 
2026-03-15 20:20:02 ===== touch debug start 2026-03-15 20:20:02 =====
2026-03-15 20:20:02 log_path=logs/touch.log append=true raw_enabled=True
2026-03-15 20:20:02 startup config: touch_support_enabled=False
2026-03-15 20:20:19 touch bootstrap enabled=False device=/dev/input/event5
2026-03-15 20:20:19 touch bootstrap skipped: touch support disabled in config
2026-03-15 20:23:19 
2026-03-15 20:23:19 ===== touch debug start 2026-03-15 20:23:19 =====
2026-03-15 20:23:19 log_path=logs/touch.log append=true raw_enabled=True
2026-03-15 20:23:19 startup config: touch_support_enabled=False
2026-03-15 20:23:36 touch bootstrap enabled=False device=/dev/input/event5
2026-03-15 20:23:36 touch bootstrap skipped: touch support disabled in config
2026-03-15 20:25:57 
2026-03-15 20:25:57 ===== touch debug start 2026-03-15 20:25:57 =====
2026-03-15 20:25:57 log_path=logs/touch.log append=true raw_enabled=True
2026-03-15 20:25:57 startup config: touch_support_enabled=True
2026-03-15 20:26:14 touch bootstrap enabled=True device=/dev/input/event5
2026-03-15 20:26:14 touch device open succeeded: device=/dev/input/event5
2026-03-15 20:26:14 touch controller startup succeeded
2026-03-15 20:26:16 touch input read: device=/dev/input/event5 events=9
2026-03-15 20:26:16 [raw] BTN_TOUCH value=1
2026-03-15 20:26:16 [raw] ABS_X value=2690
2026-03-15 20:26:16 [raw] ABS_Y value=849
2026-03-15 20:26:16 [raw] SYN_REPORT
2026-03-15 20:26:16 touch sample emitted: touching=True abs=(2690,849) screen=(330,273)
2026-03-15 20:26:16 [raw] ABS_X value=2684
2026-03-15 20:26:16 [raw] ABS_Y value=853
2026-03-15 20:26:16 [raw] SYN_REPORT
2026-03-15 20:26:16 touch sample emitted: touching=True abs=(2684,853) screen=(329,273)
2026-03-15 20:26:16 touch down: screen=(330,273) zone=bottom gesture=active
2026-03-15 20:26:16 touch input read: device=/dev/input/event5 events=4
2026-03-15 20:26:16 [raw] ABS_X value=2674
2026-03-15 20:26:16 [raw] ABS_Y value=849
2026-03-15 20:26:16 [raw] SYN_REPORT
2026-03-15 20:26:16 touch sample emitted: touching=True abs=(2674,849) screen=(328,273)
2026-03-15 20:26:16 touch input read: device=/dev/input/event5 events=4
2026-03-15 20:26:16 [raw] ABS_X value=2635
2026-03-15 20:26:16 [raw] ABS_Y value=838
2026-03-15 20:26:16 [raw] SYN_REPORT
2026-03-15 20:26:16 touch sample emitted: touching=True abs=(2635,838) screen=(322,274)
2026-03-15 20:26:16 touch input read: device=/dev/input/event5 events=4
2026-03-15 20:26:16 [raw] ABS_X value=2609
2026-03-15 20:26:16 [raw] ABS_Y value=802
2026-03-15 20:26:16 [raw] SYN_REPORT
2026-03-15 20:26:16 touch sample emitted: touching=True abs=(2609,802) screen=(318,278)
2026-03-15 20:26:16 touch drag accepted: zone=bottom dx=-8
2026-03-15 20:26:16 app drag station: dx=-8 target_before=0.0 target_after=8.0
2026-03-15 20:26:16 touch drag accepted: zone=bottom dx=-4
2026-03-15 20:26:16 app drag station: dx=-4 target_before=8.0 target_after=12.0
2026-03-15 20:26:16 touch input read: device=/dev/input/event5 events=4
2026-03-15 20:26:16 [raw] ABS_X value=2600
2026-03-15 20:26:16 [raw] ABS_Y value=786
2026-03-15 20:26:16 [raw] SYN_REPORT
2026-03-15 20:26:16 touch sample emitted: touching=True abs=(2600,786) screen=(317,279)
2026-03-15 20:26:16 touch drag accepted: zone=bottom dx=-1
2026-03-15 20:26:16 app drag station: dx=-1 target_before=12.0 target_after=13.0
2026-03-15 20:26:16 touch input read: device=/dev/input/event5 events=4
2026-03-15 20:26:16 [raw] ABS_X value=2080
2026-03-15 20:26:16 [raw] ABS_Y value=661
2026-03-15 20:26:16 [raw] SYN_REPORT
2026-03-15 20:26:16 touch sample emitted: touching=True abs=(2080,661) screen=(243,290)
2026-03-15 20:26:16 touch drag accepted: zone=bottom dx=-74
2026-03-15 20:26:16 app drag station: dx=-74 target_before=13.0 target_after=87.0
2026-03-15 20:26:16 touch input read: device=/dev/input/event5 events=4
2026-03-15 20:26:16 [raw] ABS_X value=1818
2026-03-15 20:26:16 [raw] ABS_Y value=642
2026-03-15 20:26:16 [raw] SYN_REPORT
2026-03-15 20:26:16 touch sample emitted: touching=True abs=(1818,642) screen=(205,292)
2026-03-15 20:26:16 touch drag accepted: zone=bottom dx=-38
2026-03-15 20:26:16 app drag station: dx=-38 target_before=87.0 target_after=125.0
2026-03-15 20:26:16 touch input read: device=/dev/input/event5 events=6
2026-03-15 20:26:16 [raw] ABS_Y value=646
2026-03-15 20:26:16 [raw] SYN_REPORT
2026-03-15 20:26:16 touch sample emitted: touching=True abs=(1818,646) screen=(205,292)
2026-03-15 20:26:16 [raw] BTN_TOUCH value=0
2026-03-15 20:26:16 [raw] SYN_REPORT
2026-03-15 20:26:16 touch sample emitted: touching=False abs=(1818,646) screen=(205,292)
2026-03-15 20:26:16 touch up: zone=bottom drag_started=True
2026-03-15 20:26:16 touch input read: device=/dev/input/event5 events=32
2026-03-15 20:26:16 [raw] BTN_TOUCH value=1
2026-03-15 20:26:16 [raw] ABS_X value=1394
2026-03-15 20:26:16 [raw] ABS_Y value=698
2026-03-15 20:26:16 [raw] SYN_REPORT
2026-03-15 20:26:16 touch sample emitted: touching=True abs=(1394,698) screen=(144,287)
2026-03-15 20:26:16 [raw] ABS_X value=1392
2026-03-15 20:26:16 [raw] ABS_Y value=697
2026-03-15 20:26:16 [raw] SYN_REPORT
2026-03-15 20:26:16 touch sample emitted: touching=True abs=(1392,697) screen=(144,287)
2026-03-15 20:26:16 [raw] ABS_X value=1387
2026-03-15 20:26:16 [raw] ABS_Y value=698
2026-03-15 20:26:16 [raw] SYN_REPORT
2026-03-15 20:26:16 touch sample emitted: touching=True abs=(1387,698) screen=(143,287)
2026-03-15 20:26:16 [raw] ABS_X value=1388
2026-03-15 20:26:16 [raw] ABS_Y value=699
2026-03-15 20:26:16 [raw] SYN_REPORT
2026-03-15 20:26:16 touch sample emitted: touching=True abs=(1388,699) screen=(144,287)
2026-03-15 20:26:16 [raw] ABS_X value=1387
2026-03-15 20:26:16 [raw] SYN_REPORT
2026-03-15 20:26:16 touch sample emitted: touching=True abs=(1387,699) screen=(143,287)
2026-03-15 20:26:16 [raw] ABS_X value=1384
2026-03-15 20:26:16 [raw] SYN_REPORT
2026-03-15 20:26:16 touch sample emitted: touching=True abs=(1384,699) screen=(143,287)
2026-03-15 20:26:16 [raw] ABS_X value=1387
2026-03-15 20:26:16 [raw] SYN_REPORT
2026-03-15 20:26:16 touch sample emitted: touching=True abs=(1387,699) screen=(143,287)
2026-03-15 20:26:16 [raw] ABS_X value=1385
2026-03-15 20:26:16 [raw] ABS_Y value=700
2026-03-15 20:26:16 [raw] SYN_REPORT
2026-03-15 20:26:16 touch sample emitted: touching=True abs=(1385,700) screen=(143,287)
2026-03-15 20:26:16 [raw] ABS_Y value=699
2026-03-15 20:26:16 [raw] SYN_REPORT
2026-03-15 20:26:16 touch sample emitted: touching=True abs=(1385,699) screen=(143,287)
2026-03-15 20:26:16 touch input read: device=/dev/input/event5 events=11
2026-03-15 20:26:16 [raw] ABS_X value=1387
2026-03-15 20:26:17 [raw] ABS_Y value=698
2026-03-15 20:26:17 [raw] SYN_REPORT
2026-03-15 20:26:17 touch sample emitted: touching=True abs=(1387,698) screen=(143,287)
2026-03-15 20:26:17 [raw] ABS_X value=1384
2026-03-15 20:26:17 [raw] ABS_Y value=697
2026-03-15 20:26:17 [raw] SYN_REPORT
2026-03-15 20:26:17 touch sample emitted: touching=True abs=(1384,697) screen=(143,287)
2026-03-15 20:26:17 [raw] ABS_X value=1386
2026-03-15 20:26:17 [raw] ABS_Y value=696
2026-03-15 20:26:17 [raw] SYN_REPORT
2026-03-15 20:26:17 touch sample emitted: touching=True abs=(1386,696) screen=(143,287)
2026-03-15 20:26:17 touch down: screen=(144,287) zone=bottom gesture=active
2026-03-15 20:26:17 touch input read: device=/dev/input/event5 events=7
2026-03-15 20:26:17 [raw] ABS_X value=1384
2026-03-15 20:26:17 [raw] ABS_Y value=695
2026-03-15 20:26:17 [raw] SYN_REPORT
2026-03-15 20:26:17 touch sample emitted: touching=True abs=(1384,695) screen=(143,287)
2026-03-15 20:26:17 [raw] ABS_Y value=693
2026-03-15 20:26:17 [raw] SYN_REPORT
2026-03-15 20:26:17 touch sample emitted: touching=True abs=(1384,693) screen=(143,288)
2026-03-15 20:26:17 touch input read: device=/dev/input/event5 events=4
2026-03-15 20:26:17 [raw] ABS_X value=1383
2026-03-15 20:26:17 [raw] ABS_Y value=692
2026-03-15 20:26:17 [raw] SYN_REPORT
2026-03-15 20:26:17 touch sample emitted: touching=True abs=(1383,692) screen=(143,288)
2026-03-15 20:26:17 touch input read: device=/dev/input/event5 events=3
2026-03-15 20:26:17 [raw] ABS_Y value=691
2026-03-15 20:26:17 [raw] SYN_REPORT
2026-03-15 20:26:17 touch sample emitted: touching=True abs=(1383,691) screen=(143,288)
2026-03-15 20:26:17 touch input read: device=/dev/input/event5 events=4
2026-03-15 20:26:17 [raw] ABS_X value=1382
2026-03-15 20:26:17 [raw] ABS_Y value=690
2026-03-15 20:26:17 [raw] SYN_REPORT
2026-03-15 20:26:17 touch sample emitted: touching=True abs=(1382,690) screen=(143,288)
2026-03-15 20:26:17 touch input read: device=/dev/input/event5 events=2
2026-03-15 20:26:17 [raw] SYN_REPORT
2026-03-15 20:26:17 touch input read: device=/dev/input/event5 events=4
2026-03-15 20:26:17 [raw] ABS_X value=1383
2026-03-15 20:26:17 [raw] ABS_Y value=686
2026-03-15 20:26:17 [raw] SYN_REPORT
2026-03-15 20:26:17 touch sample emitted: touching=True abs=(1383,686) screen=(143,288)
2026-03-15 20:26:17 touch input read: device=/dev/input/event5 events=4
2026-03-15 20:26:17 [raw] ABS_X value=1382
2026-03-15 20:26:17 [raw] ABS_Y value=688
2026-03-15 20:26:17 [raw] SYN_REPORT
2026-03-15 20:26:17 touch sample emitted: touching=True abs=(1382,688) screen=(143,288)
2026-03-15 20:26:17 touch input read: device=/dev/input/event5 events=3
2026-03-15 20:26:17 [raw] ABS_X value=1381
2026-03-15 20:26:17 [raw] SYN_REPORT
2026-03-15 20:26:17 touch sample emitted: touching=True abs=(1381,688) screen=(143,288)
2026-03-15 20:26:17 touch input read: device=/dev/input/event5 events=3
2026-03-15 20:26:17 [raw] ABS_X value=1380
2026-03-15 20:26:17 [raw] SYN_REPORT
2026-03-15 20:26:17 touch sample emitted: touching=True abs=(1380,688) screen=(142,288)
2026-03-15 20:26:17 touch input read: device=/dev/input/event5 events=3
2026-03-15 20:26:17 [raw] ABS_X value=1381
2026-03-15 20:26:17 [raw] SYN_REPORT
2026-03-15 20:26:17 touch sample emitted: touching=True abs=(1381,688) screen=(143,288)
2026-03-15 20:26:17 touch input read: device=/dev/input/event5 events=4
2026-03-15 20:26:17 [raw] ABS_X value=1385
2026-03-15 20:26:17 [raw] ABS_Y value=686
2026-03-15 20:26:17 [raw] SYN_REPORT
2026-03-15 20:26:17 touch sample emitted: touching=True abs=(1385,686) screen=(143,288)
2026-03-15 20:26:17 touch input read: device=/dev/input/event5 events=3
2026-03-15 20:26:17 [raw] ABS_X value=1381
2026-03-15 20:26:17 [raw] SYN_REPORT
2026-03-15 20:26:17 touch sample emitted: touching=True abs=(1381,686) screen=(143,288)
2026-03-15 20:26:17 touch input read: device=/dev/input/event5 events=3
2026-03-15 20:26:17 [raw] ABS_Y value=685
2026-03-15 20:26:17 [raw] SYN_REPORT
2026-03-15 20:26:17 touch sample emitted: touching=True abs=(1381,685) screen=(143,288)
2026-03-15 20:26:17 touch input read: device=/dev/input/event5 events=3
2026-03-15 20:26:17 [raw] ABS_Y value=686
2026-03-15 20:26:17 [raw] SYN_REPORT
2026-03-15 20:26:17 touch sample emitted: touching=True abs=(1381,686) screen=(143,288)
2026-03-15 20:26:17 touch input read: device=/dev/input/event5 events=3
2026-03-15 20:26:17 [raw] ABS_X value=1382
2026-03-15 20:26:17 [raw] SYN_REPORT
2026-03-15 20:26:17 touch sample emitted: touching=True abs=(1382,686) screen=(143,288)
2026-03-15 20:26:17 touch input read: device=/dev/input/event5 events=3
2026-03-15 20:26:17 [raw] ABS_X value=1384
2026-03-15 20:26:17 [raw] SYN_REPORT
2026-03-15 20:26:17 touch sample emitted: touching=True abs=(1384,686) screen=(143,288)
2026-03-15 20:26:17 touch input read: device=/dev/input/event5 events=3
2026-03-15 20:26:17 [raw] ABS_X value=1382
2026-03-15 20:26:17 [raw] SYN_REPORT
2026-03-15 20:26:17 touch sample emitted: touching=True abs=(1382,686) screen=(143,288)
2026-03-15 20:26:17 touch input read: device=/dev/input/event5 events=4
2026-03-15 20:26:17 [raw] ABS_X value=1383
2026-03-15 20:26:17 [raw] ABS_Y value=689
2026-03-15 20:26:17 [raw] SYN_REPORT
2026-03-15 20:26:17 touch sample emitted: touching=True abs=(1383,689) screen=(143,288)
2026-03-15 20:26:17 touch input read: device=/dev/input/event5 events=2
2026-03-15 20:26:17 [raw] SYN_REPORT
2026-03-15 20:26:17 touch input read: device=/dev/input/event5 events=3
2026-03-15 20:26:17 [raw] ABS_X value=1384
2026-03-15 20:26:17 [raw] SYN_REPORT
2026-03-15 20:26:17 touch sample emitted: touching=True abs=(1384,689) screen=(143,288)
2026-03-15 20:26:17 touch input read: device=/dev/input/event5 events=2
2026-03-15 20:26:17 [raw] ABS_X value=1380
2026-03-15 20:26:17 [raw] SYN_REPORT
2026-03-15 20:26:17 touch sample emitted: touching=True abs=(1380,689) screen=(142,288)
2026-03-15 20:26:17 touch input read: device=/dev/input/event5 events=2
2026-03-15 20:26:17 [raw] SYN_REPORT
2026-03-15 20:26:17 touch input read: device=/dev/input/event5 events=8
2026-03-15 20:26:17 [raw] ABS_X value=1381
2026-03-15 20:26:17 [raw] ABS_Y value=688
2026-03-15 20:26:17 [raw] SYN_REPORT
2026-03-15 20:26:17 touch sample emitted: touching=True abs=(1381,688) screen=(143,288)
2026-03-15 20:26:17 [raw] ABS_X value=1382
2026-03-15 20:26:17 [raw] ABS_Y value=690
2026-03-15 20:26:17 [raw] SYN_REPORT
2026-03-15 20:26:17 touch sample emitted: touching=True abs=(1382,690) screen=(143,288)
2026-03-15 20:26:17 touch input read: device=/dev/input/event5 events=3
2026-03-15 20:26:17 [raw] ABS_Y value=688
2026-03-15 20:26:17 [raw] SYN_REPORT
2026-03-15 20:26:17 touch sample emitted: touching=True abs=(1382,688) screen=(143,288)
2026-03-15 20:26:17 touch input read: device=/dev/input/event5 events=4
2026-03-15 20:26:17 [raw] ABS_X value=1381
2026-03-15 20:26:17 [raw] ABS_Y value=687
2026-03-15 20:26:17 [raw] SYN_REPORT
2026-03-15 20:26:17 touch sample emitted: touching=True abs=(1381,687) screen=(143,288)
2026-03-15 20:26:17 touch input read: device=/dev/input/event5 events=4
2026-03-15 20:26:17 [raw] ABS_X value=1378
2026-03-15 20:26:17 [raw] ABS_Y value=686
2026-03-15 20:26:17 [raw] SYN_REPORT
2026-03-15 20:26:17 touch sample emitted: touching=True abs=(1378,686) screen=(142,288)
2026-03-15 20:26:17 touch input read: device=/dev/input/event5 events=3
2026-03-15 20:26:17 [raw] ABS_X value=1374
2026-03-15 20:26:17 [raw] SYN_REPORT
2026-03-15 20:26:17 touch sample emitted: touching=True abs=(1374,686) screen=(142,288)
2026-03-15 20:26:17 touch input read: device=/dev/input/event5 events=3
2026-03-15 20:26:17 [raw] BTN_TOUCH value=0
2026-03-15 20:26:17 [raw] SYN_REPORT
2026-03-15 20:26:17 touch sample emitted: touching=False abs=(1374,686) screen=(142,288)
2026-03-15 20:26:17 touch up: zone=bottom drag_started=False
2026-03-15 20:26:17 touch input read: device=/dev/input/event5 events=5
2026-03-15 20:26:17 [raw] BTN_TOUCH value=1
2026-03-15 20:26:17 [raw] ABS_X value=2629
2026-03-15 20:26:17 [raw] ABS_Y value=795
2026-03-15 20:26:17 [raw] SYN_REPORT
2026-03-15 20:26:17 touch sample emitted: touching=True abs=(2629,795) screen=(321,278)
2026-03-15 20:26:17 touch down: screen=(321,278) zone=bottom gesture=active
2026-03-15 20:26:17 touch input read: device=/dev/input/event5 events=8
2026-03-15 20:26:17 [raw] ABS_X value=2618
2026-03-15 20:26:17 [raw] ABS_Y value=786
2026-03-15 20:26:17 [raw] SYN_REPORT
2026-03-15 20:26:17 touch sample emitted: touching=True abs=(2618,786) screen=(320,279)
2026-03-15 20:26:17 [raw] ABS_X value=2613
2026-03-15 20:26:17 [raw] ABS_Y value=782
2026-03-15 20:26:17 [raw] SYN_REPORT
2026-03-15 20:26:17 touch sample emitted: touching=True abs=(2613,782) screen=(319,279)
2026-03-15 20:26:17 touch input read: device=/dev/input/event5 events=4
2026-03-15 20:26:17 [raw] ABS_X value=2608
2026-03-15 20:26:17 [raw] ABS_Y value=770
2026-03-15 20:26:17 [raw] SYN_REPORT
2026-03-15 20:26:17 touch sample emitted: touching=True abs=(2608,770) screen=(318,281)
2026-03-15 20:26:17 touch input read: device=/dev/input/event5 events=4
2026-03-15 20:26:17 [raw] ABS_X value=2586
2026-03-15 20:26:17 [raw] ABS_Y value=755
2026-03-15 20:26:17 [raw] SYN_REPORT
2026-03-15 20:26:17 touch sample emitted: touching=True abs=(2586,755) screen=(315,282)
2026-03-15 20:26:17 touch input read: device=/dev/input/event5 events=4
2026-03-15 20:26:17 [raw] ABS_X value=2539
2026-03-15 20:26:17 [raw] ABS_Y value=729
2026-03-15 20:26:17 [raw] SYN_REPORT
2026-03-15 20:26:17 touch sample emitted: touching=True abs=(2539,729) screen=(308,284)
2026-03-15 20:26:17 touch drag accepted: zone=bottom dx=-6
2026-03-15 20:26:17 app drag station: dx=-6 target_before=125.0 target_after=131.0
2026-03-15 20:26:17 touch drag accepted: zone=bottom dx=-7
2026-03-15 20:26:17 app drag station: dx=-7 target_before=131.0 target_after=138.0
2026-03-15 20:26:17 touch input read: device=/dev/input/event5 events=4
2026-03-15 20:26:17 [raw] ABS_X value=2517
2026-03-15 20:26:17 [raw] ABS_Y value=725
2026-03-15 20:26:17 [raw] SYN_REPORT
2026-03-15 20:26:17 touch sample emitted: touching=True abs=(2517,725) screen=(305,285)
2026-03-15 20:26:17 touch drag accepted: zone=bottom dx=-3
2026-03-15 20:26:17 app drag station: dx=-3 target_before=138.0 target_after=141.0
2026-03-15 20:26:17 touch input read: device=/dev/input/event5 events=7
2026-03-15 20:26:17 [raw] ABS_X value=2492
2026-03-15 20:26:17 [raw] ABS_Y value=712
2026-03-15 20:26:17 [raw] SYN_REPORT
2026-03-15 20:26:17 touch sample emitted: touching=True abs=(2492,712) screen=(301,286)
2026-03-15 20:26:17 [raw] ABS_X value=1902
2026-03-15 20:26:17 [raw] ABS_Y value=740
2026-03-15 20:26:17 [raw] SYN_REPORT
2026-03-15 20:26:17 touch sample emitted: touching=True abs=(1902,740) screen=(217,283)
2026-03-15 20:26:17 touch input read: device=/dev/input/event5 events=4
2026-03-15 20:26:17 [raw] ABS_X value=1872
2026-03-15 20:26:17 [raw] ABS_Y value=739
2026-03-15 20:26:17 [raw] SYN_REPORT
2026-03-15 20:26:17 touch sample emitted: touching=True abs=(1872,739) screen=(213,283)
2026-03-15 20:26:17 touch drag accepted: zone=bottom dx=-4
2026-03-15 20:26:17 app drag station: dx=-4 target_before=141.0 target_after=145.0
2026-03-15 20:26:17 touch drag accepted: zone=bottom dx=-84
2026-03-15 20:26:17 app drag station: dx=-84 target_before=145.0 target_after=229.0
2026-03-15 20:26:18 touch drag accepted: zone=bottom dx=-4
2026-03-15 20:26:18 app drag station: dx=-4 target_before=229.0 target_after=233.0
2026-03-15 20:26:18 touch input read: device=/dev/input/event5 events=4
2026-03-15 20:26:18 [raw] ABS_X value=1718
2026-03-15 20:26:18 [raw] ABS_Y value=714
2026-03-15 20:26:18 [raw] SYN_REPORT
2026-03-15 20:26:18 touch sample emitted: touching=True abs=(1718,714) screen=(191,286)
2026-03-15 20:26:18 touch drag accepted: zone=bottom dx=-22
2026-03-15 20:26:18 app drag station: dx=-22 target_before=233.0 target_after=255.0
2026-03-15 20:26:18 touch input read: device=/dev/input/event5 events=4
2026-03-15 20:26:18 [raw] ABS_X value=1646
2026-03-15 20:26:18 [raw] ABS_Y value=725
2026-03-15 20:26:18 [raw] SYN_REPORT
2026-03-15 20:26:18 touch sample emitted: touching=True abs=(1646,725) screen=(181,285)
2026-03-15 20:26:18 touch drag accepted: zone=bottom dx=-10
2026-03-15 20:26:18 app drag station: dx=-10 target_before=255.0 target_after=265.0
2026-03-15 20:26:18 touch input read: device=/dev/input/event5 events=4
2026-03-15 20:26:18 [raw] ABS_X value=1479
2026-03-15 20:26:18 [raw] ABS_Y value=741
2026-03-15 20:26:18 [raw] SYN_REPORT
2026-03-15 20:26:18 touch sample emitted: touching=True abs=(1479,741) screen=(157,283)
2026-03-15 20:26:18 touch drag accepted: zone=bottom dx=-24
2026-03-15 20:26:18 app drag station: dx=-24 target_before=265.0 target_after=289.0
2026-03-15 20:26:18 touch input read: device=/dev/input/event5 events=8
2026-03-15 20:26:18 [raw] ABS_X value=1467
2026-03-15 20:26:18 [raw] ABS_Y value=746
2026-03-15 20:26:18 [raw] SYN_REPORT
2026-03-15 20:26:18 touch sample emitted: touching=True abs=(1467,746) screen=(155,283)
2026-03-15 20:26:18 [raw] ABS_X value=1438
2026-03-15 20:26:18 [raw] ABS_Y value=749
2026-03-15 20:26:18 [raw] SYN_REPORT
2026-03-15 20:26:18 touch sample emitted: touching=True abs=(1438,749) screen=(151,282)
2026-03-15 20:26:18 touch drag accepted: zone=bottom dx=-2
2026-03-15 20:26:18 app drag station: dx=-2 target_before=289.0 target_after=291.0
2026-03-15 20:26:18 touch drag accepted: zone=bottom dx=-4
2026-03-15 20:26:18 app drag station: dx=-4 target_before=291.0 target_after=295.0
2026-03-15 20:26:18 touch input read: device=/dev/input/event5 events=6
2026-03-15 20:26:18 [raw] ABS_Y value=750
2026-03-15 20:26:18 [raw] SYN_REPORT
2026-03-15 20:26:18 touch sample emitted: touching=True abs=(1438,750) screen=(151,282)
2026-03-15 20:26:18 [raw] ABS_X value=1445
2026-03-15 20:26:18 [raw] ABS_Y value=748
2026-03-15 20:26:18 [raw] SYN_REPORT
2026-03-15 20:26:18 touch sample emitted: touching=True abs=(1445,748) screen=(152,283)
2026-03-15 20:26:18 touch drag accepted: zone=bottom dx=1
2026-03-15 20:26:18 app drag station: dx=1 target_before=295.0 target_after=294.0
2026-03-15 20:26:18 touch input read: device=/dev/input/event5 events=7
2026-03-15 20:26:18 [raw] ABS_X value=1443
2026-03-15 20:26:18 [raw] ABS_Y value=747
2026-03-15 20:26:18 [raw] SYN_REPORT
2026-03-15 20:26:18 touch sample emitted: touching=True abs=(1443,747) screen=(151,283)
2026-03-15 20:26:18 [raw] ABS_X value=1446
2026-03-15 20:26:18 [raw] SYN_REPORT
2026-03-15 20:26:18 touch sample emitted: touching=True abs=(1446,747) screen=(152,283)
2026-03-15 20:26:18 touch drag accepted: zone=bottom dx=-1
2026-03-15 20:26:18 app drag station: dx=-1 target_before=294.0 target_after=295.0
2026-03-15 20:26:18 touch drag accepted: zone=bottom dx=1
2026-03-15 20:26:18 app drag station: dx=1 target_before=295.0 target_after=294.0
2026-03-15 20:26:18 touch input read: device=/dev/input/event5 events=3
2026-03-15 20:26:18 [raw] ABS_X value=1445
2026-03-15 20:26:18 [raw] SYN_REPORT
2026-03-15 20:26:18 touch sample emitted: touching=True abs=(1445,747) screen=(152,283)
2026-03-15 20:26:19 touch input read: device=/dev/input/event5 events=4
2026-03-15 20:26:19 [raw] ABS_X value=1442
2026-03-15 20:26:19 [raw] ABS_Y value=744
2026-03-15 20:26:19 [raw] SYN_REPORT
2026-03-15 20:26:19 touch sample emitted: touching=True abs=(1442,744) screen=(151,283)
2026-03-15 20:26:19 touch drag accepted: zone=bottom dx=-1
2026-03-15 20:26:19 app drag station: dx=-1 target_before=294.0 target_after=295.0
2026-03-15 20:26:19 touch input read: device=/dev/input/event5 events=2
2026-03-15 20:26:19 [raw] SYN_REPORT
2026-03-15 20:26:19 touch input read: device=/dev/input/event5 events=4
2026-03-15 20:26:19 [raw] ABS_X value=1446
2026-03-15 20:26:19 [raw] ABS_Y value=739
2026-03-15 20:26:19 [raw] SYN_REPORT
2026-03-15 20:26:19 touch sample emitted: touching=True abs=(1446,739) screen=(152,283)
2026-03-15 20:26:19 touch drag accepted: zone=bottom dx=1
2026-03-15 20:26:19 app drag station: dx=1 target_before=295.0 target_after=294.0
2026-03-15 20:26:19 touch input read: device=/dev/input/event5 events=3
2026-03-15 20:26:19 [raw] BTN_TOUCH value=0
2026-03-15 20:26:19 [raw] SYN_REPORT
2026-03-15 20:26:19 touch sample emitted: touching=False abs=(1446,739) screen=(152,283)
2026-03-15 20:26:19 touch up: zone=bottom drag_started=True
2026-03-15 20:26:19 touch input read: device=/dev/input/event5 events=5
2026-03-15 20:26:19 [raw] BTN_TOUCH value=1
2026-03-15 20:26:19 [raw] ABS_X value=1944
2026-03-15 20:26:19 [raw] ABS_Y value=3258
2026-03-15 20:26:19 [raw] SYN_REPORT
2026-03-15 20:26:19 touch sample emitted: touching=True abs=(1944,3258) screen=(223,53)
2026-03-15 20:26:19 touch down: screen=(223,53) zone=top gesture=active
2026-03-15 20:26:19 touch input read: device=/dev/input/event5 events=3
2026-03-15 20:26:19 [raw] BTN_TOUCH value=0
2026-03-15 20:26:19 [raw] SYN_REPORT
2026-03-15 20:26:19 touch sample emitted: touching=False abs=(1944,3258) screen=(223,53)
2026-03-15 20:26:19 touch up: zone=top drag_started=False
2026-03-15 20:26:19 touch input read: device=/dev/input/event5 events=5
2026-03-15 20:26:19 [raw] BTN_TOUCH value=1
2026-03-15 20:26:19 [raw] ABS_X value=2204
2026-03-15 20:26:19 [raw] ABS_Y value=3267
2026-03-15 20:26:19 [raw] SYN_REPORT
2026-03-15 20:26:19 touch sample emitted: touching=True abs=(2204,3267) screen=(260,52)
2026-03-15 20:26:19 touch down: screen=(260,52) zone=top gesture=active
2026-03-15 20:26:19 touch input read: device=/dev/input/event5 events=7
2026-03-15 20:26:19 [raw] ABS_X value=2248
2026-03-15 20:26:19 [raw] ABS_Y value=3274
2026-03-15 20:26:19 [raw] SYN_REPORT
2026-03-15 20:26:19 touch sample emitted: touching=True abs=(2248,3274) screen=(267,51)
2026-03-15 20:26:19 [raw] BTN_TOUCH value=0
2026-03-15 20:26:19 [raw] SYN_REPORT
2026-03-15 20:26:19 touch sample emitted: touching=False abs=(2248,3274) screen=(267,51)
2026-03-15 20:26:19 touch drag accepted: zone=top dx=7
2026-03-15 20:26:19 app drag genre: dx=7 target_before=792.0 target_after=785.0
2026-03-15 20:26:19 touch up: zone=top drag_started=True
2026-03-15 20:26:20 touch input read: device=/dev/input/event5 events=5
2026-03-15 20:26:20 [raw] BTN_TOUCH value=1
2026-03-15 20:26:20 [raw] ABS_X value=2942
2026-03-15 20:26:20 [raw] ABS_Y value=3250
2026-03-15 20:26:20 [raw] SYN_REPORT
2026-03-15 20:26:20 touch sample emitted: touching=True abs=(2942,3250) screen=(366,54)
2026-03-15 20:26:20 touch down: screen=(366,54) zone=top gesture=active
2026-03-15 20:26:20 touch input read: device=/dev/input/event5 events=4
2026-03-15 20:26:20 [raw] ABS_X value=3077
2026-03-15 20:26:20 [raw] ABS_Y value=3239
2026-03-15 20:26:20 [raw] SYN_REPORT
2026-03-15 20:26:20 touch sample emitted: touching=True abs=(3077,3239) screen=(385,55)
2026-03-15 20:26:20 touch drag accepted: zone=top dx=19
2026-03-15 20:26:20 app drag genre: dx=19 target_before=785.0 target_after=766.0
2026-03-15 20:26:20 touch input read: device=/dev/input/event5 events=7
2026-03-15 20:26:20 [raw] ABS_X value=3085
2026-03-15 20:26:20 [raw] ABS_Y value=3242
2026-03-15 20:26:20 [raw] SYN_REPORT
2026-03-15 20:26:20 touch sample emitted: touching=True abs=(3085,3242) screen=(386,54)
2026-03-15 20:26:20 [raw] ABS_X value=3087
2026-03-15 20:26:20 [raw] SYN_REPORT
2026-03-15 20:26:20 touch sample emitted: touching=True abs=(3087,3242) screen=(387,54)
2026-03-15 20:26:20 touch drag accepted: zone=top dx=1
2026-03-15 20:26:20 app drag genre: dx=1 target_before=766.0 target_after=765.0
2026-03-15 20:26:20 touch drag accepted: zone=top dx=1
2026-03-15 20:26:20 app drag genre: dx=1 target_before=765.0 target_after=764.0
2026-03-15 20:26:20 touch input read: device=/dev/input/event5 events=4
2026-03-15 20:26:20 [raw] ABS_X value=3119
2026-03-15 20:26:20 [raw] ABS_Y value=3222
2026-03-15 20:26:20 [raw] SYN_REPORT
2026-03-15 20:26:20 touch sample emitted: touching=True abs=(3119,3222) screen=(391,56)
2026-03-15 20:26:20 touch drag accepted: zone=top dx=4
2026-03-15 20:26:20 app drag genre: dx=4 target_before=764.0 target_after=760.0
2026-03-15 20:26:20 touch input read: device=/dev/input/event5 events=4
2026-03-15 20:26:20 [raw] ABS_X value=3430
2026-03-15 20:26:20 [raw] ABS_Y value=3167
2026-03-15 20:26:20 [raw] SYN_REPORT
2026-03-15 20:26:20 touch sample emitted: touching=True abs=(3430,3167) screen=(436,61)
2026-03-15 20:26:20 touch input read: device=/dev/input/event5 events=3
2026-03-15 20:26:20 [raw] ABS_X value=3446
2026-03-15 20:26:20 [raw] SYN_REPORT
2026-03-15 20:26:20 touch sample emitted: touching=True abs=(3446,3167) screen=(438,61)
2026-03-15 20:26:20 touch drag accepted: zone=top dx=45
2026-03-15 20:26:20 app drag genre: dx=45 target_before=760.0 target_after=715.0
2026-03-15 20:26:20 touch drag accepted: zone=top dx=2
2026-03-15 20:26:20 app drag genre: dx=2 target_before=715.0 target_after=713.0
2026-03-15 20:26:20 touch input read: device=/dev/input/event5 events=4
2026-03-15 20:26:20 [raw] ABS_X value=3455
2026-03-15 20:26:20 [raw] ABS_Y value=3161
2026-03-15 20:26:20 [raw] SYN_REPORT
2026-03-15 20:26:20 touch sample emitted: touching=True abs=(3455,3161) screen=(439,62)
2026-03-15 20:26:20 touch drag accepted: zone=top dx=1
2026-03-15 20:26:20 app drag genre: dx=1 target_before=713.0 target_after=712.0
2026-03-15 20:26:21 touch input read: device=/dev/input/event5 events=4
2026-03-15 20:26:21 [raw] ABS_X value=3593
2026-03-15 20:26:21 [raw] ABS_Y value=3167
2026-03-15 20:26:21 [raw] SYN_REPORT
2026-03-15 20:26:21 touch sample emitted: touching=True abs=(3593,3167) screen=(459,61)
2026-03-15 20:26:21 touch drag accepted: zone=top dx=20
2026-03-15 20:26:21 app drag genre: dx=20 target_before=712.0 target_after=692.0
2026-03-15 20:26:21 touch input read: device=/dev/input/event5 events=3
2026-03-15 20:26:21 [raw] ABS_X value=3601
2026-03-15 20:26:21 [raw] SYN_REPORT
2026-03-15 20:26:21 touch sample emitted: touching=True abs=(3601,3167) screen=(460,61)
2026-03-15 20:26:21 touch drag accepted: zone=top dx=1
2026-03-15 20:26:21 app drag genre: dx=1 target_before=692.0 target_after=691.0
2026-03-15 20:26:21 touch input read: device=/dev/input/event5 events=2
2026-03-15 20:26:21 [raw] BTN_TOUCH value=0
2026-03-15 20:26:21 [raw] SYN_REPORT
2026-03-15 20:26:21 touch sample emitted: touching=False abs=(3601,3167) screen=(460,61)
2026-03-15 20:26:21 touch up: zone=top drag_started=True
2026-03-15 20:26:22 touch input read: device=/dev/input/event5 events=5
2026-03-15 20:26:22 [raw] BTN_TOUCH value=1
2026-03-15 20:26:22 [raw] ABS_X value=2501
2026-03-15 20:26:22 [raw] ABS_Y value=3228
2026-03-15 20:26:22 [raw] SYN_REPORT
2026-03-15 20:26:22 touch sample emitted: touching=True abs=(2501,3228) screen=(303,56)
2026-03-15 20:26:22 touch down: screen=(303,56) zone=top gesture=active
2026-03-15 20:26:22 touch input read: device=/dev/input/event5 events=4
2026-03-15 20:26:22 [raw] ABS_X value=2648
2026-03-15 20:26:22 [raw] ABS_Y value=3233
2026-03-15 20:26:22 [raw] SYN_REPORT
2026-03-15 20:26:22 touch sample emitted: touching=True abs=(2648,3233) screen=(324,55)
2026-03-15 20:26:22 touch drag accepted: zone=top dx=21
2026-03-15 20:26:22 app drag genre: dx=21 target_before=691.0 target_after=670.0
2026-03-15 20:26:22 touch input read: device=/dev/input/event5 events=4
2026-03-15 20:26:22 [raw] ABS_X value=2661
2026-03-15 20:26:22 [raw] ABS_Y value=3235
2026-03-15 20:26:22 [raw] SYN_REPORT
2026-03-15 20:26:22 touch sample emitted: touching=True abs=(2661,3235) screen=(326,55)
2026-03-15 20:26:22 touch drag accepted: zone=top dx=2
2026-03-15 20:26:22 app drag genre: dx=2 target_before=670.0 target_after=668.0
2026-03-15 20:26:22 touch input read: device=/dev/input/event5 events=8
2026-03-15 20:26:22 [raw] ABS_X value=2684
2026-03-15 20:26:22 [raw] ABS_Y value=3220
2026-03-15 20:26:22 [raw] SYN_REPORT
2026-03-15 20:26:22 touch sample emitted: touching=True abs=(2684,3220) screen=(329,56)
2026-03-15 20:26:22 [raw] ABS_X value=3023
2026-03-15 20:26:22 [raw] ABS_Y value=3177
2026-03-15 20:26:22 [raw] SYN_REPORT
2026-03-15 20:26:22 touch sample emitted: touching=True abs=(3023,3177) screen=(377,60)
2026-03-15 20:26:22 touch drag accepted: zone=top dx=3
2026-03-15 20:26:22 app drag genre: dx=3 target_before=668.0 target_after=665.0
2026-03-15 20:26:22 touch drag accepted: zone=top dx=48
2026-03-15 20:26:22 app drag genre: dx=48 target_before=665.0 target_after=617.0
2026-03-15 20:26:23 touch input read: device=/dev/input/event5 events=4
2026-03-15 20:26:23 [raw] ABS_X value=3085
2026-03-15 20:26:23 [raw] ABS_Y value=3204
2026-03-15 20:26:23 [raw] SYN_REPORT
2026-03-15 20:26:23 touch sample emitted: touching=True abs=(3085,3204) screen=(386,58)
2026-03-15 20:26:23 touch drag accepted: zone=top dx=9
2026-03-15 20:26:23 app drag genre: dx=9 target_before=617.0 target_after=608.0
2026-03-15 20:26:23 touch input read: device=/dev/input/event5 events=4
2026-03-15 20:26:23 [raw] ABS_X value=3103
2026-03-15 20:26:23 [raw] ABS_Y value=3206
2026-03-15 20:26:23 [raw] SYN_REPORT
2026-03-15 20:26:23 touch sample emitted: touching=True abs=(3103,3206) screen=(389,58)
2026-03-15 20:26:23 touch input read: device=/dev/input/event5 events=3
2026-03-15 20:26:23 [raw] ABS_X value=3101
2026-03-15 20:26:23 [raw] ABS_Y value=3208
2026-03-15 20:26:23 [raw] SYN_REPORT
2026-03-15 20:26:23 touch sample emitted: touching=True abs=(3101,3208) screen=(389,57)
2026-03-15 20:26:23 touch drag accepted: zone=top dx=3
2026-03-15 20:26:23 app drag genre: dx=3 target_before=608.0 target_after=605.0
2026-03-15 20:26:23 touch input read: device=/dev/input/event5 events=3
2026-03-15 20:26:23 [raw] ABS_X value=3106
2026-03-15 20:26:23 [raw] ABS_Y value=3199
2026-03-15 20:26:23 [raw] SYN_REPORT
2026-03-15 20:26:23 touch sample emitted: touching=True abs=(3106,3199) screen=(389,58)
2026-03-15 20:26:23 touch input read: device=/dev/input/event5 events=4
2026-03-15 20:26:23 [raw] ABS_X value=3109
2026-03-15 20:26:23 [raw] ABS_Y value=3204
2026-03-15 20:26:23 [raw] SYN_REPORT
2026-03-15 20:26:23 touch sample emitted: touching=True abs=(3109,3204) screen=(390,58)
2026-03-15 20:26:23 touch drag accepted: zone=top dx=1
2026-03-15 20:26:23 app drag genre: dx=1 target_before=605.0 target_after=604.0
2026-03-15 20:26:23 touch input read: device=/dev/input/event5 events=4
2026-03-15 20:26:23 [raw] ABS_X value=3107
2026-03-15 20:26:23 [raw] ABS_Y value=3203
2026-03-15 20:26:23 [raw] SYN_REPORT
2026-03-15 20:26:23 touch sample emitted: touching=True abs=(3107,3203) screen=(389,58)
2026-03-15 20:26:23 touch drag accepted: zone=top dx=-1
2026-03-15 20:26:23 app drag genre: dx=-1 target_before=604.0 target_after=605.0
2026-03-15 20:26:23 touch input read: device=/dev/input/event5 events=3
2026-03-15 20:26:23 [raw] ABS_Y value=3199
2026-03-15 20:26:23 [raw] SYN_REPORT
2026-03-15 20:26:23 touch sample emitted: touching=True abs=(3107,3199) screen=(389,58)
2026-03-15 20:26:23 touch input read: device=/dev/input/event5 events=3
2026-03-15 20:26:23 [raw] BTN_TOUCH value=0
2026-03-15 20:26:23 [raw] SYN_REPORT
2026-03-15 20:26:23 touch sample emitted: touching=False abs=(3107,3199) screen=(389,58)
2026-03-15 20:26:23 touch up: zone=top drag_started=True
2026-03-15 20:26:25 touch input read: device=/dev/input/event5 events=5
2026-03-15 20:26:25 [raw] BTN_TOUCH value=1
2026-03-15 20:26:25 [raw] ABS_X value=2787
2026-03-15 20:26:25 [raw] ABS_Y value=3267
2026-03-15 20:26:25 [raw] SYN_REPORT
2026-03-15 20:26:25 touch sample emitted: touching=True abs=(2787,3267) screen=(344,52)
2026-03-15 20:26:25 touch down: screen=(344,52) zone=top gesture=active
2026-03-15 20:26:25 touch input read: device=/dev/input/event5 events=4
2026-03-15 20:26:25 [raw] ABS_X value=2799
2026-03-15 20:26:25 [raw] ABS_Y value=3274
2026-03-15 20:26:25 [raw] SYN_REPORT
2026-03-15 20:26:25 touch sample emitted: touching=True abs=(2799,3274) screen=(345,51)
2026-03-15 20:26:25 touch input read: device=/dev/input/event5 events=4
2026-03-15 20:26:25 [raw] ABS_X value=2810
2026-03-15 20:26:25 [raw] ABS_Y value=3277
2026-03-15 20:26:25 [raw] SYN_REPORT
2026-03-15 20:26:25 touch sample emitted: touching=True abs=(2810,3277) screen=(347,51)
2026-03-15 20:26:25 touch input read: device=/dev/input/event5 events=4
2026-03-15 20:26:25 [raw] ABS_X value=2875
2026-03-15 20:26:25 [raw] ABS_Y value=3307
2026-03-15 20:26:25 [raw] SYN_REPORT
2026-03-15 20:26:25 touch sample emitted: touching=True abs=(2875,3307) screen=(356,48)
2026-03-15 20:26:25 touch drag accepted: zone=top dx=12
2026-03-15 20:26:25 app drag genre: dx=12 target_before=605.0 target_after=593.0
2026-03-15 20:26:25 touch input read: device=/dev/input/event5 events=4
2026-03-15 20:26:25 [raw] ABS_X value=2911
2026-03-15 20:26:25 [raw] ABS_Y value=3290
2026-03-15 20:26:25 [raw] SYN_REPORT
2026-03-15 20:26:25 touch sample emitted: touching=True abs=(2911,3290) screen=(361,50)
2026-03-15 20:26:25 touch drag accepted: zone=top dx=5
2026-03-15 20:26:25 app drag genre: dx=5 target_before=593.0 target_after=588.0
2026-03-15 20:26:25 touch input read: device=/dev/input/event5 events=8
2026-03-15 20:26:25 [raw] ABS_X value=2933
2026-03-15 20:26:25 [raw] ABS_Y value=3279
2026-03-15 20:26:25 [raw] SYN_REPORT
2026-03-15 20:26:25 touch sample emitted: touching=True abs=(2933,3279) screen=(365,51)
2026-03-15 20:26:25 [raw] ABS_X value=3237
2026-03-15 20:26:25 [raw] ABS_Y value=3240
2026-03-15 20:26:25 [raw] SYN_REPORT
2026-03-15 20:26:25 touch sample emitted: touching=True abs=(3237,3240) screen=(408,54)
2026-03-15 20:26:25 touch drag accepted: zone=top dx=4
2026-03-15 20:26:25 app drag genre: dx=4 target_before=588.0 target_after=584.0
2026-03-15 20:26:25 touch drag accepted: zone=top dx=43
2026-03-15 20:26:25 app drag genre: dx=43 target_before=584.0 target_after=541.0
2026-03-15 20:26:25 touch input read: device=/dev/input/event5 events=32
2026-03-15 20:26:25 [raw] ABS_X value=3502
2026-03-15 20:26:25 [raw] ABS_Y value=3235
2026-03-15 20:26:25 [raw] SYN_REPORT
2026-03-15 20:26:25 touch sample emitted: touching=True abs=(3502,3235) screen=(446,55)
2026-03-15 20:26:25 [raw] ABS_X value=3510
2026-03-15 20:26:25 [raw] ABS_Y value=3241
2026-03-15 20:26:25 [raw] SYN_REPORT
2026-03-15 20:26:25 touch sample emitted: touching=True abs=(3510,3241) screen=(447,54)
2026-03-15 20:26:25 [raw] ABS_X value=3505
2026-03-15 20:26:25 [raw] ABS_Y value=3240
2026-03-15 20:26:25 [raw] SYN_REPORT
2026-03-15 20:26:25 touch sample emitted: touching=True abs=(3505,3240) screen=(446,54)
2026-03-15 20:26:25 [raw] ABS_X value=3503
2026-03-15 20:26:25 [raw] ABS_Y value=3247
2026-03-15 20:26:25 [raw] SYN_REPORT
2026-03-15 20:26:25 touch sample emitted: touching=True abs=(3503,3247) screen=(446,54)
2026-03-15 20:26:25 [raw] ABS_Y value=3244
2026-03-15 20:26:25 [raw] SYN_REPORT
2026-03-15 20:26:25 touch sample emitted: touching=True abs=(3503,3244) screen=(446,54)
2026-03-15 20:26:25 [raw] ABS_X value=3505
2026-03-15 20:26:25 [raw] ABS_Y value=3245
2026-03-15 20:26:25 [raw] SYN_REPORT
2026-03-15 20:26:25 touch sample emitted: touching=True abs=(3505,3245) screen=(446,54)
2026-03-15 20:26:25 [raw] ABS_X value=3501
2026-03-15 20:26:25 [raw] ABS_Y value=3246
2026-03-15 20:26:25 [raw] SYN_REPORT
2026-03-15 20:26:25 touch sample emitted: touching=True abs=(3501,3246) screen=(446,54)
2026-03-15 20:26:25 [raw] ABS_X value=3504
2026-03-15 20:26:25 [raw] SYN_REPORT
2026-03-15 20:26:25 touch sample emitted: touching=True abs=(3504,3246) screen=(446,54)
2026-03-15 20:26:25 [raw] ABS_X value=3503
2026-03-15 20:26:25 [raw] ABS_Y value=3242
2026-03-15 20:26:25 [raw] SYN_REPORT
2026-03-15 20:26:25 touch sample emitted: touching=True abs=(3503,3242) screen=(446,54)
2026-03-15 20:26:25 touch input read: device=/dev/input/event5 events=26
2026-03-15 20:26:25 [raw] ABS_Y value=3237
2026-03-15 20:26:25 [raw] SYN_REPORT
2026-03-15 20:26:25 touch sample emitted: touching=True abs=(3503,3237) screen=(446,55)
2026-03-15 20:26:25 [raw] ABS_X value=3505
2026-03-15 20:26:25 [raw] ABS_Y value=3238
2026-03-15 20:26:25 [raw] SYN_REPORT
2026-03-15 20:26:25 touch sample emitted: touching=True abs=(3505,3238) screen=(446,55)
2026-03-15 20:26:25 [raw] ABS_Y value=3237
2026-03-15 20:26:25 [raw] SYN_REPORT
2026-03-15 20:26:25 touch sample emitted: touching=True abs=(3505,3237) screen=(446,55)
2026-03-15 20:26:25 [raw] ABS_X value=3507
2026-03-15 20:26:25 [raw] ABS_Y value=3241
2026-03-15 20:26:25 [raw] SYN_REPORT
2026-03-15 20:26:25 touch sample emitted: touching=True abs=(3507,3241) screen=(447,54)
2026-03-15 20:26:25 [raw] ABS_X value=3506
2026-03-15 20:26:25 [raw] ABS_Y value=3242
2026-03-15 20:26:25 [raw] SYN_REPORT
2026-03-15 20:26:25 touch sample emitted: touching=True abs=(3506,3242) screen=(446,54)
2026-03-15 20:26:25 [raw] ABS_X value=3505
2026-03-15 20:26:25 [raw] ABS_Y value=3244
2026-03-15 20:26:25 [raw] SYN_REPORT
2026-03-15 20:26:25 touch sample emitted: touching=True abs=(3505,3244) screen=(446,54)
2026-03-15 20:26:25 [raw] ABS_X value=3501
2026-03-15 20:26:25 [raw] ABS_Y value=3245
2026-03-15 20:26:25 [raw] SYN_REPORT
2026-03-15 20:26:25 touch sample emitted: touching=True abs=(3501,3245) screen=(446,54)
2026-03-15 20:26:25 touch input read: device=/dev/input/event5 events=4
2026-03-15 20:26:25 [raw] ABS_X value=3500
2026-03-15 20:26:25 [raw] ABS_Y value=3243
2026-03-15 20:26:25 [raw] SYN_REPORT
2026-03-15 20:26:25 touch sample emitted: touching=True abs=(3500,3243) screen=(446,54)
2026-03-15 20:26:25 touch drag accepted: zone=top dx=38
2026-03-15 20:26:25 app drag genre: dx=38 target_before=541.0 target_after=503.0
2026-03-15 20:26:25 touch drag accepted: zone=top dx=1
2026-03-15 20:26:25 app drag genre: dx=1 target_before=503.0 target_after=502.0
2026-03-15 20:26:25 touch drag accepted: zone=top dx=-1
2026-03-15 20:26:25 app drag genre: dx=-1 target_before=502.0 target_after=503.0
2026-03-15 20:26:25 touch drag accepted: zone=top dx=1
2026-03-15 20:26:25 app drag genre: dx=1 target_before=503.0 target_after=502.0
2026-03-15 20:26:25 touch drag accepted: zone=top dx=-1
2026-03-15 20:26:25 app drag genre: dx=-1 target_before=502.0 target_after=503.0
2026-03-15 20:26:25 touch input read: device=/dev/input/event5 events=4
2026-03-15 20:26:25 [raw] ABS_X value=3504
2026-03-15 20:26:25 [raw] ABS_Y value=3242
2026-03-15 20:26:25 [raw] SYN_REPORT
2026-03-15 20:26:25 touch sample emitted: touching=True abs=(3504,3242) screen=(446,54)
2026-03-15 20:26:25 touch input read: device=/dev/input/event5 events=4
2026-03-15 20:26:25 [raw] ABS_X value=3507
2026-03-15 20:26:25 [raw] ABS_Y value=3236
2026-03-15 20:26:25 [raw] SYN_REPORT
2026-03-15 20:26:25 touch sample emitted: touching=True abs=(3507,3236) screen=(447,55)
2026-03-15 20:26:25 touch drag accepted: zone=top dx=1
2026-03-15 20:26:25 app drag genre: dx=1 target_before=503.0 target_after=502.0
2026-03-15 20:26:26 touch input read: device=/dev/input/event5 events=3
2026-03-15 20:26:26 [raw] BTN_TOUCH value=0
2026-03-15 20:26:26 [raw] SYN_REPORT
2026-03-15 20:26:26 touch sample emitted: touching=False abs=(3507,3236) screen=(447,55)
2026-03-15 20:26:26 touch up: zone=top drag_started=True
2026-03-15 20:26:27 touch input read: device=/dev/input/event5 events=8
2026-03-15 20:26:27 [raw] BTN_TOUCH value=1
2026-03-15 20:26:27 [raw] ABS_X value=2975
2026-03-15 20:26:27 [raw] ABS_Y value=733
2026-03-15 20:26:27 [raw] SYN_REPORT
2026-03-15 20:26:27 touch sample emitted: touching=True abs=(2975,733) screen=(371,284)
2026-03-15 20:26:27 [raw] ABS_X value=2961
2026-03-15 20:26:27 [raw] ABS_Y value=734
2026-03-15 20:26:27 [raw] SYN_REPORT
2026-03-15 20:26:27 touch sample emitted: touching=True abs=(2961,734) screen=(369,284)
2026-03-15 20:26:27 touch down: screen=(371,284) zone=bottom gesture=active
2026-03-15 20:26:27 touch input read: device=/dev/input/event5 events=4
2026-03-15 20:26:27 [raw] ABS_X value=2936
2026-03-15 20:26:27 [raw] ABS_Y value=731
2026-03-15 20:26:27 [raw] SYN_REPORT
2026-03-15 20:26:27 touch sample emitted: touching=True abs=(2936,731) screen=(365,284)
2026-03-15 20:26:27 touch drag accepted: zone=bottom dx=-6
2026-03-15 20:26:27 app drag station: dx=-6 target_before=0.0 target_after=6.0
2026-03-15 20:26:27 touch input read: device=/dev/input/event5 events=4
2026-03-15 20:26:27 [raw] ABS_X value=2898
2026-03-15 20:26:27 [raw] ABS_Y value=754
2026-03-15 20:26:27 [raw] SYN_REPORT
2026-03-15 20:26:27 touch sample emitted: touching=True abs=(2898,754) screen=(360,282)
2026-03-15 20:26:27 touch drag accepted: zone=bottom dx=-5
2026-03-15 20:26:27 app drag station: dx=-5 target_before=6.0 target_after=11.0
2026-03-15 20:26:27 touch input read: device=/dev/input/event5 events=4
2026-03-15 20:26:27 [raw] ABS_X value=2199
2026-03-15 20:26:27 [raw] ABS_Y value=741
2026-03-15 20:26:27 [raw] SYN_REPORT
2026-03-15 20:26:27 touch sample emitted: touching=True abs=(2199,741) screen=(260,283)
2026-03-15 20:26:27 touch drag accepted: zone=bottom dx=-100
2026-03-15 20:26:27 app drag station: dx=-100 target_before=11.0 target_after=111.0
2026-03-15 20:26:27 touch input read: device=/dev/input/event5 events=4
2026-03-15 20:26:27 [raw] ABS_X value=2051
2026-03-15 20:26:27 [raw] ABS_Y value=727
2026-03-15 20:26:27 [raw] SYN_REPORT
2026-03-15 20:26:27 touch sample emitted: touching=True abs=(2051,727) screen=(238,284)
2026-03-15 20:26:27 touch drag accepted: zone=bottom dx=-22
2026-03-15 20:26:27 app drag station: dx=-22 target_before=111.0 target_after=133.0
2026-03-15 20:26:27 touch input read: device=/dev/input/event5 events=4
2026-03-15 20:26:27 [raw] ABS_X value=2008
2026-03-15 20:26:27 [raw] ABS_Y value=738
2026-03-15 20:26:27 [raw] SYN_REPORT
2026-03-15 20:26:27 touch sample emitted: touching=True abs=(2008,738) screen=(232,283)
2026-03-15 20:26:27 touch drag accepted: zone=bottom dx=-6
2026-03-15 20:26:27 app drag station: dx=-6 target_before=133.0 target_after=139.0
2026-03-15 20:26:27 touch input read: device=/dev/input/event5 events=8
2026-03-15 20:26:27 [raw] ABS_X value=2006
2026-03-15 20:26:27 [raw] ABS_Y value=731
2026-03-15 20:26:27 [raw] SYN_REPORT
2026-03-15 20:26:27 touch sample emitted: touching=True abs=(2006,731) screen=(232,284)
2026-03-15 20:26:27 [raw] ABS_X value=2003
2026-03-15 20:26:27 [raw] ABS_Y value=728
2026-03-15 20:26:27 [raw] SYN_REPORT
2026-03-15 20:26:27 touch sample emitted: touching=True abs=(2003,728) screen=(232,284)
2026-03-15 20:26:27 touch input read: device=/dev/input/event5 events=3
2026-03-15 20:26:27 [raw] ABS_X value=2007
2026-03-15 20:26:27 [raw] SYN_REPORT
2026-03-15 20:26:27 touch sample emitted: touching=True abs=(2007,728) screen=(232,284)
2026-03-15 20:26:27 touch input read: device=/dev/input/event5 events=3
2026-03-15 20:26:27 [raw] ABS_X value=2010
2026-03-15 20:26:27 [raw] ABS_Y value=718
2026-03-15 20:26:27 [raw] SYN_REPORT
2026-03-15 20:26:27 touch sample emitted: touching=True abs=(2010,718) screen=(233,285)
2026-03-15 20:26:27 touch input read: device=/dev/input/event5 events=3
2026-03-15 20:26:27 [raw] ABS_X value=2002
2026-03-15 20:26:27 [raw] SYN_REPORT
2026-03-15 20:26:27 touch sample emitted: touching=True abs=(2002,718) screen=(231,285)
2026-03-15 20:26:27 touch drag accepted: zone=bottom dx=1
2026-03-15 20:26:27 app drag station: dx=1 target_before=139.0 target_after=138.0
2026-03-15 20:26:27 touch drag accepted: zone=bottom dx=-2
2026-03-15 20:26:27 app drag station: dx=-2 target_before=138.0 target_after=140.0
2026-03-15 20:26:27 touch input read: device=/dev/input/event5 events=3
2026-03-15 20:26:27 [raw] ABS_X value=2011
2026-03-15 20:26:27 [raw] SYN_REPORT
2026-03-15 20:26:27 touch sample emitted: touching=True abs=(2011,718) screen=(233,285)
2026-03-15 20:26:27 touch drag accepted: zone=bottom dx=2
2026-03-15 20:26:27 app drag station: dx=2 target_before=140.0 target_after=138.0
2026-03-15 20:26:28 touch input read: device=/dev/input/event5 events=4
2026-03-15 20:26:28 [raw] ABS_X value=2018
2026-03-15 20:26:28 [raw] ABS_Y value=717
2026-03-15 20:26:28 [raw] SYN_REPORT
2026-03-15 20:26:28 touch sample emitted: touching=True abs=(2018,717) screen=(234,285)
2026-03-15 20:26:28 touch drag accepted: zone=bottom dx=1
2026-03-15 20:26:28 app drag station: dx=1 target_before=138.0 target_after=137.0
2026-03-15 20:26:28 touch input read: device=/dev/input/event5 events=3
2026-03-15 20:26:28 [raw] BTN_TOUCH value=0
2026-03-15 20:26:28 [raw] SYN_REPORT
2026-03-15 20:26:28 touch sample emitted: touching=False abs=(2018,717) screen=(234,285)
2026-03-15 20:26:28 touch up: zone=bottom drag_started=True
